[2026-09-12 13:18:24] production.ERROR: The /Users/jitkumarsaha/Dynime Inc/ERP GO SAAS/dynime-ai/bootstrap/cache directory must be present and writable. {"exception":"[object] (Exception(code: 0): The /Users/jitkumarsaha/Dynime Inc/ERP GO SAAS/dynime-ai/bootstrap/cache directory must be present and writable. at /Users/jitkumarsaha/Dynime Inc/ERP GO SAAS/Dynime ERP/vendor/laravel/framework/src/Illuminate/Foundation/PackageManifest.php:179)
[stacktrace]
#0 /Users/jitkumarsaha/Dynime Inc/ERP GO SAAS/Dynime ERP/vendor/laravel/framework/src/Illuminate/Foundation/PackageManifest.php(132): Illuminate\\Foundation\\PackageManifest->write(Array)
#1 /Users/jitkumarsaha/Dynime Inc/ERP GO SAAS/Dynime ERP/vendor/laravel/framework/src/Illuminate/Foundation/PackageManifest.php(108): Illuminate\\Foundation\\PackageManifest->build()
#2 /Users/jitkumarsaha/Dynime Inc/ERP GO SAAS/Dynime ERP/vendor/laravel/framework/src/Illuminate/Foundation/PackageManifest.php(90): Illuminate\\Foundation\\PackageManifest->getManifest()
#3 /Users/jitkumarsaha/Dynime Inc/ERP GO SAAS/Dynime ERP/vendor/laravel/framework/src/Illuminate/Foundation/PackageManifest.php(79): Illuminate\\Foundation\\PackageManifest->config('aliases')
#4 /Users/jitkumarsaha/Dynime Inc/ERP GO SAAS/Dynime ERP/vendor/laravel/framework/src/Illuminate/Foundation/Bootstrap/RegisterFacades.php(26): Illuminate\\Foundation\\PackageManifest->aliases()
#5 /Users/jitkumarsaha/Dynime Inc/ERP GO SAAS/Dynime ERP/vendor/laravel/framework/src/Illuminate/Foundation/Application.php(342): Illuminate\\Foundation\\Bootstrap\\RegisterFacades->bootstrap(Object(Illuminate\\Foundation\\Application))
#6 /Users/jitkumarsaha/Dynime Inc/ERP GO SAAS/Dynime ERP/vendor/laravel/framework/src/Illuminate/Foundation/Console/Kernel.php(473): Illuminate\\Foundation\\Application->bootstrapWith(Array)
#7 /Users/jitkumarsaha/Dynime Inc/ERP GO SAAS/Dynime ERP/vendor/laravel/framework/src/Illuminate/Foundation/Console/Kernel.php(195): Illuminate\\Foundation\\Console\\Kernel->bootstrap()
#8 /Users/jitkumarsaha/Dynime Inc/ERP GO SAAS/Dynime ERP/vendor/laravel/framework/src/Illuminate/Foundation/Application.php(1235): Illuminate\\Foundation\\Console\\Kernel->handle(Object(Symfony\\Component\\Console\\Input\\ArgvInput), Object(Symfony\\Component\\Console\\Output\\ConsoleOutput))
#9 /Users/jitkumarsaha/Dynime Inc/ERP GO SAAS/dynime-ai/artisan(17): Illuminate\\Foundation\\Application->handleCommand(Object(Symfony\\Component\\Console\\Input\\ArgvInput))
#10 {main}
"} 
[2026-09-12 13:18:27] production.ERROR: require(/Users/jitkumarsaha/Dynime Inc/ERP GO SAAS/dynime-ai/bootstrap/../routes/api.php): Failed to open stream: No such file or directory {"exception":"[object] (ErrorException(code: 0): require(/Users/jitkumarsaha/Dynime Inc/ERP GO SAAS/dynime-ai/bootstrap/../routes/api.php): Failed to open stream: No such file or directory at /Users/jitkumarsaha/Dynime Inc/ERP GO SAAS/Dynime ERP/vendor/laravel/framework/src/Illuminate/Routing/RouteFileRegistrar.php:34)
[stacktrace]
#0 /Users/jitkumarsaha/Dynime Inc/ERP GO SAAS/Dynime ERP/vendor/laravel/framework/src/Illuminate/Foundation/Bootstrap/HandleExceptions.php(258): Illuminate\\Foundation\\Bootstrap\\HandleExceptions->handleError(2, 'require(/Users/...', '/Users/jitkumar...', 34)
#1 /Users/jitkumarsaha/Dynime Inc/ERP GO SAAS/Dynime ERP/vendor/laravel/framework/src/Illuminate/Routing/RouteFileRegistrar.php(34): Illuminate\\Foundation\\Bootstrap\\HandleExceptions->Illuminate\\Foundation\\Bootstrap\\{closure}(2, 'require(/Users/...', '/Users/jitkumar...', 34)
#2 /Users/jitkumarsaha/Dynime Inc/ERP GO SAAS/Dynime ERP/vendor/laravel/framework/src/Illuminate/Routing/RouteFileRegistrar.php(34): require('/Users/jitkumar...')
#3 /Users/jitkumarsaha/Dynime Inc/ERP GO SAAS/Dynime ERP/vendor/laravel/framework/src/Illuminate/Routing/Router.php(513): Illuminate\\Routing\\RouteFileRegistrar->register('/Users/jitkumar...')
#4 /Users/jitkumarsaha/Dynime Inc/ERP GO SAAS/Dynime ERP/vendor/laravel/framework/src/Illuminate/Routing/Router.php(467): Illuminate\\Routing\\Router->loadRoutes('/Users/jitkumar...')
#5 /Users/jitkumarsaha/Dynime Inc/ERP GO SAAS/Dynime ERP/vendor/laravel/framework/src/Illuminate/Routing/RouteRegistrar.php(210): Illuminate\\Routing\\Router->group(Array, '/Users/jitkumar...')
#6 /Users/jitkumarsaha/Dynime Inc/ERP GO SAAS/Dynime ERP/vendor/laravel/framework/src/Illuminate/Foundation/Configuration/ApplicationBuilder.php(214): Illuminate\\Routing\\RouteRegistrar->group('/Users/jitkumar...')
#7 /Users/jitkumarsaha/Dynime Inc/ERP GO SAAS/Dynime ERP/vendor/laravel/framework/src/Illuminate/Container/BoundMethod.php(36): Illuminate\\Foundation\\Configuration\\ApplicationBuilder->Illuminate\\Foundation\\Configuration\\{closure}()
#8 /Users/jitkumarsaha/Dynime Inc/ERP GO SAAS/Dynime ERP/vendor/laravel/framework/src/Illuminate/Container/Util.php(43): Illuminate\\Container\\BoundMethod::Illuminate\\Container\\{closure}()
#9 /Users/jitkumarsaha/Dynime Inc/ERP GO SAAS/Dynime ERP/vendor/laravel/framework/src/Illuminate/Container/BoundMethod.php(84): Illuminate\\Container\\Util::unwrapIfClosure(Object(Closure))
#10 /Users/jitkumarsaha/Dynime Inc/ERP GO SAAS/Dynime ERP/vendor/laravel/framework/src/Illuminate/Container/BoundMethod.php(35): Illuminate\\Container\\BoundMethod::callBoundMethod(Object(Illuminate\\Foundation\\Application), Object(Closure), Object(Closure))
#11 /Users/jitkumarsaha/Dynime Inc/ERP GO SAAS/Dynime ERP/vendor/laravel/framework/src/Illuminate/Container/Container.php(836): Illuminate\\Container\\BoundMethod::call(Object(Illuminate\\Foundation\\Application), Object(Closure), Array, NULL)
#12 /Users/jitkumarsaha/Dynime Inc/ERP GO SAAS/Dynime ERP/vendor/laravel/framework/src/Illuminate/Foundation/Support/Providers/RouteServiceProvider.php(162): Illuminate\\Container\\Container->call(Object(Closure))
#13 /Users/jitkumarsaha/Dynime Inc/ERP GO SAAS/Dynime ERP/vendor/laravel/framework/src/Illuminate/Foundation/Support/Providers/RouteServiceProvider.php(59): Illuminate\\Foundation\\Support\\Providers\\RouteServiceProvider->loadRoutes()
#14 /Users/jitkumarsaha/Dynime Inc/ERP GO SAAS/Dynime ERP/vendor/laravel/framework/src/Illuminate/Container/BoundMethod.php(36): Illuminate\\Foundation\\Support\\Providers\\RouteServiceProvider->Illuminate\\Foundation\\Support\\Providers\\{closure}()
#15 /Users/jitkumarsaha/Dynime Inc/ERP GO SAAS/Dynime ERP/vendor/laravel/framework/src/Illuminate/Container/Util.php(43): Illuminate\\Container\\BoundMethod::Illuminate\\Container\\{closure}()
#16 /Users/jitkumarsaha/Dynime Inc/ERP GO SAAS/Dynime ERP/vendor/laravel/framework/src/Illuminate/Container/BoundMethod.php(84): Illuminate\\Container\\Util::unwrapIfClosure(Object(Closure))
#17 /Users/jitkumarsaha/Dynime Inc/ERP GO SAAS/Dynime ERP/vendor/laravel/framework/src/Illuminate/Container/BoundMethod.php(35): Illuminate\\Container\\BoundMethod::callBoundMethod(Object(Illuminate\\Foundation\\Application), Object(Closure), Object(Closure))
#18 /Users/jitkumarsaha/Dynime Inc/ERP GO SAAS/Dynime ERP/vendor/laravel/framework/src/Illuminate/Container/Container.php(836): Illuminate\\Container\\BoundMethod::call(Object(Illuminate\\Foundation\\Application), Object(Closure), Array, NULL)
#19 /Users/jitkumarsaha/Dynime Inc/ERP GO SAAS/Dynime ERP/vendor/laravel/framework/src/Illuminate/Support/ServiceProvider.php(143): Illuminate\\Container\\Container->call(Object(Closure))
#20 /Users/jitkumarsaha/Dynime Inc/ERP GO SAAS/Dynime ERP/vendor/laravel/framework/src/Illuminate/Foundation/Application.php(1154): Illuminate\\Support\\ServiceProvider->callBootedCallbacks()
#21 /Users/jitkumarsaha/Dynime Inc/ERP GO SAAS/Dynime ERP/vendor/laravel/framework/src/Illuminate/Foundation/Application.php(1132): Illuminate\\Foundation\\Application->bootProvider(Object(Illuminate\\Foundation\\Support\\Providers\\RouteServiceProvider))
#22 [internal function]: Illuminate\\Foundation\\Application->Illuminate\\Foundation\\{closure}(Object(Illuminate\\Foundation\\Support\\Providers\\RouteServiceProvider), 'Illuminate\\\\Foun...')
#23 /Users/jitkumarsaha/Dynime Inc/ERP GO SAAS/Dynime ERP/vendor/laravel/framework/src/Illuminate/Foundation/Application.php(1131): array_walk(Array, Object(Closure))
#24 /Users/jitkumarsaha/Dynime Inc/ERP GO SAAS/Dynime ERP/vendor/laravel/framework/src/Illuminate/Foundation/Bootstrap/BootProviders.php(17): Illuminate\\Foundation\\Application->boot()
#25 /Users/jitkumarsaha/Dynime Inc/ERP GO SAAS/Dynime ERP/vendor/laravel/framework/src/Illuminate/Foundation/Application.php(342): Illuminate\\Foundation\\Bootstrap\\BootProviders->bootstrap(Object(Illuminate\\Foundation\\Application))
#26 /Users/jitkumarsaha/Dynime Inc/ERP GO SAAS/Dynime ERP/vendor/laravel/framework/src/Illuminate/Foundation/Console/Kernel.php(473): Illuminate\\Foundation\\Application->bootstrapWith(Array)
#27 /Users/jitkumarsaha/Dynime Inc/ERP GO SAAS/Dynime ERP/vendor/laravel/framework/src/Illuminate/Foundation/Console/Kernel.php(195): Illuminate\\Foundation\\Console\\Kernel->bootstrap()
#28 /Users/jitkumarsaha/Dynime Inc/ERP GO SAAS/Dynime ERP/vendor/laravel/framework/src/Illuminate/Foundation/Application.php(1235): Illuminate\\Foundation\\Console\\Kernel->handle(Object(Symfony\\Component\\Console\\Input\\ArgvInput), Object(Symfony\\Component\\Console\\Output\\ConsoleOutput))
#29 /Users/jitkumarsaha/Dynime Inc/ERP GO SAAS/dynime-ai/artisan(17): Illuminate\\Foundation\\Application->handleCommand(Object(Symfony\\Component\\Console\\Input\\ArgvInput))
#30 {main}
"} 
[2026-09-12 13:21:22] production.ERROR: Class "App\Http\Controllers\AuthController" does not exist {"exception":"[object] (ReflectionException(code: -1): Class \"App\\Http\\Controllers\\AuthController\" does not exist at /Users/jitkumarsaha/Dynime Inc/ERP GO SAAS/Dynime ERP/vendor/laravel/framework/src/Illuminate/Foundation/Console/RouteListCommand.php:235)
[stacktrace]
#0 /Users/jitkumarsaha/Dynime Inc/ERP GO SAAS/Dynime ERP/vendor/laravel/framework/src/Illuminate/Foundation/Console/RouteListCommand.php(235): ReflectionClass->__construct('App\\\\Http\\\\Contro...')
#1 /Users/jitkumarsaha/Dynime Inc/ERP GO SAAS/Dynime ERP/vendor/laravel/framework/src/Illuminate/Foundation/Console/RouteListCommand.php(149): Illuminate\\Foundation\\Console\\RouteListCommand->isVendorRoute(Object(Illuminate\\Routing\\Route))
#2 /Users/jitkumarsaha/Dynime Inc/ERP GO SAAS/Dynime ERP/vendor/laravel/framework/src/Illuminate/Foundation/Console/RouteListCommand.php(117): Illuminate\\Foundation\\Console\\RouteListCommand->getRouteInformation(Object(Illuminate\\Routing\\Route))
#3 [internal function]: Illuminate\\Foundation\\Console\\RouteListCommand->Illuminate\\Foundation\\Console\\{closure}(Object(Illuminate\\Routing\\Route), 20)
#4 /Users/jitkumarsaha/Dynime Inc/ERP GO SAAS/Dynime ERP/vendor/laravel/framework/src/Illuminate/Collections/Arr.php(778): array_map(Object(Closure), Array, Array)
#5 /Users/jitkumarsaha/Dynime Inc/ERP GO SAAS/Dynime ERP/vendor/laravel/framework/src/Illuminate/Collections/Collection.php(811): Illuminate\\Support\\Arr::map(Array, Object(Closure))
#6 /Users/jitkumarsaha/Dynime Inc/ERP GO SAAS/Dynime ERP/vendor/laravel/framework/src/Illuminate/Foundation/Console/RouteListCommand.php(117): Illuminate\\Support\\Collection->map(Object(Closure))
#7 /Users/jitkumarsaha/Dynime Inc/ERP GO SAAS/Dynime ERP/vendor/laravel/framework/src/Illuminate/Foundation/Console/RouteListCommand.php(102): Illuminate\\Foundation\\Console\\RouteListCommand->getRoutes()
#8 /Users/jitkumarsaha/Dynime Inc/ERP GO SAAS/Dynime ERP/vendor/laravel/framework/src/Illuminate/Container/BoundMethod.php(36): Illuminate\\Foundation\\Console\\RouteListCommand->handle()
#9 /Users/jitkumarsaha/Dynime Inc/ERP GO SAAS/Dynime ERP/vendor/laravel/framework/src/Illuminate/Container/Util.php(43): Illuminate\\Container\\BoundMethod::Illuminate\\Container\\{closure}()
#10 /Users/jitkumarsaha/Dynime Inc/ERP GO SAAS/Dynime ERP/vendor/laravel/framework/src/Illuminate/Container/BoundMethod.php(96): Illuminate\\Container\\Util::unwrapIfClosure(Object(Closure))
#11 /Users/jitkumarsaha/Dynime Inc/ERP GO SAAS/Dynime ERP/vendor/laravel/framework/src/Illuminate/Container/BoundMethod.php(35): Illuminate\\Container\\BoundMethod::callBoundMethod(Object(Illuminate\\Foundation\\Application), Array, Object(Closure))
#12 /Users/jitkumarsaha/Dynime Inc/ERP GO SAAS/Dynime ERP/vendor/laravel/framework/src/Illuminate/Container/Container.php(836): Illuminate\\Container\\BoundMethod::call(Object(Illuminate\\Foundation\\Application), Array, Array, NULL)
#13 /Users/jitkumarsaha/Dynime Inc/ERP GO SAAS/Dynime ERP/vendor/laravel/framework/src/Illuminate/Console/Command.php(211): Illuminate\\Container\\Container->call(Array)
#14 /Users/jitkumarsaha/Dynime Inc/ERP GO SAAS/Dynime ERP/vendor/symfony/console/Command/Command.php(318): Illuminate\\Console\\Command->execute(Object(Symfony\\Component\\Console\\Input\\ArgvInput), Object(Illuminate\\Console\\OutputStyle))
#15 /Users/jitkumarsaha/Dynime Inc/ERP GO SAAS/Dynime ERP/vendor/laravel/framework/src/Illuminate/Console/Command.php(180): Symfony\\Component\\Console\\Command\\Command->run(Object(Symfony\\Component\\Console\\Input\\ArgvInput), Object(Illuminate\\Console\\OutputStyle))
#16 /Users/jitkumarsaha/Dynime Inc/ERP GO SAAS/Dynime ERP/vendor/symfony/console/Application.php(1110): Illuminate\\Console\\Command->run(Object(Symfony\\Component\\Console\\Input\\ArgvInput), Object(Symfony\\Component\\Console\\Output\\ConsoleOutput))
#17 /Users/jitkumarsaha/Dynime Inc/ERP GO SAAS/Dynime ERP/vendor/symfony/console/Application.php(359): Symfony\\Component\\Console\\Application->doRunCommand(Object(Illuminate\\Foundation\\Console\\RouteListCommand), Object(Symfony\\Component\\Console\\Input\\ArgvInput), Object(Symfony\\Component\\Console\\Output\\ConsoleOutput))
#18 /Users/jitkumarsaha/Dynime Inc/ERP GO SAAS/Dynime ERP/vendor/symfony/console/Application.php(194): Symfony\\Component\\Console\\Application->doRun(Object(Symfony\\Component\\Console\\Input\\ArgvInput), Object(Symfony\\Component\\Console\\Output\\ConsoleOutput))
#19 /Users/jitkumarsaha/Dynime Inc/ERP GO SAAS/Dynime ERP/vendor/laravel/framework/src/Illuminate/Foundation/Console/Kernel.php(197): Symfony\\Component\\Console\\Application->run(Object(Symfony\\Component\\Console\\Input\\ArgvInput), Object(Symfony\\Component\\Console\\Output\\ConsoleOutput))
#20 /Users/jitkumarsaha/Dynime Inc/ERP GO SAAS/Dynime ERP/vendor/laravel/framework/src/Illuminate/Foundation/Application.php(1235): Illuminate\\Foundation\\Console\\Kernel->handle(Object(Symfony\\Component\\Console\\Input\\ArgvInput), Object(Symfony\\Component\\Console\\Output\\ConsoleOutput))
#21 /Users/jitkumarsaha/Dynime Inc/ERP GO SAAS/dynime-ai/artisan(17): Illuminate\\Foundation\\Application->handleCommand(Object(Symfony\\Component\\Console\\Input\\ArgvInput))
#22 {main}
"} 
[2026-09-12 13:23:17] local.ERROR: SQLSTATE[HY000]: General error: 1 no such table: cache (Connection: sqlite, SQL: delete from "cache") {"exception":"[object] (Illuminate\\Database\\QueryException(code: HY000): SQLSTATE[HY000]: General error: 1 no such table: cache (Connection: sqlite, SQL: delete from \"cache\") at /Users/jitkumarsaha/Dynime Inc/ERP GO SAAS/Dynime ERP/vendor/laravel/framework/src/Illuminate/Database/Connection.php:824)
[stacktrace]
#0 /Users/jitkumarsaha/Dynime Inc/ERP GO SAAS/Dynime ERP/vendor/laravel/framework/src/Illuminate/Database/Connection.php(778): Illuminate\\Database\\Connection->runQueryCallback('delete from \"ca...', Array, Object(Closure))
#1 /Users/jitkumarsaha/Dynime Inc/ERP GO SAAS/Dynime ERP/vendor/laravel/framework/src/Illuminate/Database/Connection.php(583): Illuminate\\Database\\Connection->run('delete from \"ca...', Array, Object(Closure))
#2 /Users/jitkumarsaha/Dynime Inc/ERP GO SAAS/Dynime ERP/vendor/laravel/framework/src/Illuminate/Database/Connection.php(547): Illuminate\\Database\\Connection->affectingStatement('delete from \"ca...', Array)
#3 /Users/jitkumarsaha/Dynime Inc/ERP GO SAAS/Dynime ERP/vendor/laravel/framework/src/Illuminate/Database/Query/Builder.php(4109): Illuminate\\Database\\Connection->delete('delete from \"ca...', Array)
#4 /Users/jitkumarsaha/Dynime Inc/ERP GO SAAS/Dynime ERP/vendor/laravel/framework/src/Illuminate/Cache/DatabaseStore.php(423): Illuminate\\Database\\Query\\Builder->delete()
#5 /Users/jitkumarsaha/Dynime Inc/ERP GO SAAS/Dynime ERP/vendor/laravel/framework/src/Illuminate/Cache/Repository.php(807): Illuminate\\Cache\\DatabaseStore->flush()
#6 /Users/jitkumarsaha/Dynime Inc/ERP GO SAAS/Dynime ERP/vendor/laravel/framework/src/Illuminate/Cache/Console/ClearCommand.php(68): Illuminate\\Cache\\Repository->__call('flush', Array)
#7 /Users/jitkumarsaha/Dynime Inc/ERP GO SAAS/Dynime ERP/vendor/laravel/framework/src/Illuminate/Container/BoundMethod.php(36): Illuminate\\Cache\\Console\\ClearCommand->handle()
#8 /Users/jitkumarsaha/Dynime Inc/ERP GO SAAS/Dynime ERP/vendor/laravel/framework/src/Illuminate/Container/Util.php(43): Illuminate\\Container\\BoundMethod::Illuminate\\Container\\{closure}()
#9 /Users/jitkumarsaha/Dynime Inc/ERP GO SAAS/Dynime ERP/vendor/laravel/framework/src/Illuminate/Container/BoundMethod.php(96): Illuminate\\Container\\Util::unwrapIfClosure(Object(Closure))
#10 /Users/jitkumarsaha/Dynime Inc/ERP GO SAAS/Dynime ERP/vendor/laravel/framework/src/Illuminate/Container/BoundMethod.php(35): Illuminate\\Container\\BoundMethod::callBoundMethod(Object(Illuminate\\Foundation\\Application), Array, Object(Closure))
#11 /Users/jitkumarsaha/Dynime Inc/ERP GO SAAS/Dynime ERP/vendor/laravel/framework/src/Illuminate/Container/Container.php(836): Illuminate\\Container\\BoundMethod::call(Object(Illuminate\\Foundation\\Application), Array, Array, NULL)
#12 /Users/jitkumarsaha/Dynime Inc/ERP GO SAAS/Dynime ERP/vendor/laravel/framework/src/Illuminate/Console/Command.php(211): Illuminate\\Container\\Container->call(Array)
#13 /Users/jitkumarsaha/Dynime Inc/ERP GO SAAS/Dynime ERP/vendor/symfony/console/Command/Command.php(318): Illuminate\\Console\\Command->execute(Object(Symfony\\Component\\Console\\Input\\StringInput), Object(Illuminate\\Console\\OutputStyle))
#14 /Users/jitkumarsaha/Dynime Inc/ERP GO SAAS/Dynime ERP/vendor/laravel/framework/src/Illuminate/Console/Command.php(180): Symfony\\Component\\Console\\Command\\Command->run(Object(Symfony\\Component\\Console\\Input\\StringInput), Object(Illuminate\\Console\\OutputStyle))
#15 /Users/jitkumarsaha/Dynime Inc/ERP GO SAAS/Dynime ERP/vendor/symfony/console/Application.php(1110): Illuminate\\Console\\Command->run(Object(Symfony\\Component\\Console\\Input\\StringInput), Object(Symfony\\Component\\Console\\Output\\BufferedOutput))
#16 /Users/jitkumarsaha/Dynime Inc/ERP GO SAAS/Dynime ERP/vendor/symfony/console/Application.php(359): Symfony\\Component\\Console\\Application->doRunCommand(Object(Illuminate\\Cache\\Console\\ClearCommand), Object(Symfony\\Component\\Console\\Input\\StringInput), Object(Symfony\\Component\\Console\\Output\\BufferedOutput))
#17 /Users/jitkumarsaha/Dynime Inc/ERP GO SAAS/Dynime ERP/vendor/symfony/console/Application.php(194): Symfony\\Component\\Console\\Application->doRun(Object(Symfony\\Component\\Console\\Input\\StringInput), Object(Symfony\\Component\\Console\\Output\\BufferedOutput))
#18 /Users/jitkumarsaha/Dynime Inc/ERP GO SAAS/Dynime ERP/vendor/laravel/framework/src/Illuminate/Console/Application.php(165): Symfony\\Component\\Console\\Application->run(Object(Symfony\\Component\\Console\\Input\\StringInput), Object(Symfony\\Component\\Console\\Output\\BufferedOutput))
#19 /Users/jitkumarsaha/Dynime Inc/ERP GO SAAS/Dynime ERP/vendor/laravel/framework/src/Illuminate/Foundation/Console/Kernel.php(426): Illuminate\\Console\\Application->call('cache:clear', Array, NULL)
#20 /Users/jitkumarsaha/Dynime Inc/ERP GO SAAS/Dynime ERP/vendor/laravel/framework/src/Illuminate/Support/Facades/Facade.php(363): Illuminate\\Foundation\\Console\\Kernel->call('cache:clear')
#21 /Users/jitkumarsaha/Dynime Inc/ERP GO SAAS/Dynime ERP/database/seeders/PermissionRoleSeeder.php(18): Illuminate\\Support\\Facades\\Facade::__callStatic('call', Array)
#22 /Users/jitkumarsaha/Dynime Inc/ERP GO SAAS/Dynime ERP/database/seeders/DatabaseSeeder.php(17): Database\\Seeders\\PermissionRoleSeeder->run()
#23 /Users/jitkumarsaha/Dynime Inc/ERP GO SAAS/Dynime ERP/vendor/laravel/framework/src/Illuminate/Container/BoundMethod.php(36): Database\\Seeders\\DatabaseSeeder->run()
#24 /Users/jitkumarsaha/Dynime Inc/ERP GO SAAS/Dynime ERP/vendor/laravel/framework/src/Illuminate/Container/Util.php(43): Illuminate\\Container\\BoundMethod::Illuminate\\Container\\{closure}()
#25 /Users/jitkumarsaha/Dynime Inc/ERP GO SAAS/Dynime ERP/vendor/laravel/framework/src/Illuminate/Container/BoundMethod.php(96): Illuminate\\Container\\Util::unwrapIfClosure(Object(Closure))
#26 /Users/jitkumarsaha/Dynime Inc/ERP GO SAAS/Dynime ERP/vendor/laravel/framework/src/Illuminate/Container/BoundMethod.php(35): Illuminate\\Container\\BoundMethod::callBoundMethod(Object(Illuminate\\Foundation\\Application), Array, Object(Closure))
#27 /Users/jitkumarsaha/Dynime Inc/ERP GO SAAS/Dynime ERP/vendor/laravel/framework/src/Illuminate/Container/Container.php(836): Illuminate\\Container\\BoundMethod::call(Object(Illuminate\\Foundation\\Application), Array, Array, NULL)
#28 /Users/jitkumarsaha/Dynime Inc/ERP GO SAAS/Dynime ERP/vendor/laravel/framework/src/Illuminate/Database/Seeder.php(184): Illuminate\\Container\\Container->call(Array, Array)
#29 /Users/jitkumarsaha/Dynime Inc/ERP GO SAAS/Dynime ERP/vendor/laravel/framework/src/Illuminate/Database/Seeder.php(193): Illuminate\\Database\\Seeder->Illuminate\\Database\\{closure}()
#30 /Users/jitkumarsaha/Dynime Inc/ERP GO SAAS/Dynime ERP/vendor/laravel/framework/src/Illuminate/Database/Console/Seeds/SeedCommand.php(71): Illuminate\\Database\\Seeder->__invoke()
#31 /Users/jitkumarsaha/Dynime Inc/ERP GO SAAS/Dynime ERP/vendor/laravel/framework/src/Illuminate/Database/Eloquent/Concerns/GuardsAttributes.php(157): Illuminate\\Database\\Console\\Seeds\\SeedCommand->Illuminate\\Database\\Console\\Seeds\\{closure}()
#32 /Users/jitkumarsaha/Dynime Inc/ERP GO SAAS/Dynime ERP/vendor/laravel/framework/src/Illuminate/Database/Console/Seeds/SeedCommand.php(70): Illuminate\\Database\\Eloquent\\Model::unguarded(Object(Closure))
#33 /Users/jitkumarsaha/Dynime Inc/ERP GO SAAS/Dynime ERP/vendor/laravel/framework/src/Illuminate/Container/BoundMethod.php(36): Illuminate\\Database\\Console\\Seeds\\SeedCommand->handle()
#34 /Users/jitkumarsaha/Dynime Inc/ERP GO SAAS/Dynime ERP/vendor/laravel/framework/src/Illuminate/Container/Util.php(43): Illuminate\\Container\\BoundMethod::Illuminate\\Container\\{closure}()
#35 /Users/jitkumarsaha/Dynime Inc/ERP GO SAAS/Dynime ERP/vendor/laravel/framework/src/Illuminate/Container/BoundMethod.php(96): Illuminate\\Container\\Util::unwrapIfClosure(Object(Closure))
#36 /Users/jitkumarsaha/Dynime Inc/ERP GO SAAS/Dynime ERP/vendor/laravel/framework/src/Illuminate/Container/BoundMethod.php(35): Illuminate\\Container\\BoundMethod::callBoundMethod(Object(Illuminate\\Foundation\\Application), Array, Object(Closure))
#37 /Users/jitkumarsaha/Dynime Inc/ERP GO SAAS/Dynime ERP/vendor/laravel/framework/src/Illuminate/Container/Container.php(836): Illuminate\\Container\\BoundMethod::call(Object(Illuminate\\Foundation\\Application), Array, Array, NULL)
#38 /Users/jitkumarsaha/Dynime Inc/ERP GO SAAS/Dynime ERP/vendor/laravel/framework/src/Illuminate/Console/Command.php(211): Illuminate\\Container\\Container->call(Array)
#39 /Users/jitkumarsaha/Dynime Inc/ERP GO SAAS/Dynime ERP/vendor/symfony/console/Command/Command.php(318): Illuminate\\Console\\Command->execute(Object(Symfony\\Component\\Console\\Input\\ArgvInput), Object(Illuminate\\Console\\OutputStyle))
#40 /Users/jitkumarsaha/Dynime Inc/ERP GO SAAS/Dynime ERP/vendor/laravel/framework/src/Illuminate/Console/Command.php(180): Symfony\\Component\\Console\\Command\\Command->run(Object(Symfony\\Component\\Console\\Input\\ArgvInput), Object(Illuminate\\Console\\OutputStyle))
#41 /Users/jitkumarsaha/Dynime Inc/ERP GO SAAS/Dynime ERP/vendor/symfony/console/Application.php(1110): Illuminate\\Console\\Command->run(Object(Symfony\\Component\\Console\\Input\\ArgvInput), Object(Symfony\\Component\\Console\\Output\\ConsoleOutput))
#42 /Users/jitkumarsaha/Dynime Inc/ERP GO SAAS/Dynime ERP/vendor/symfony/console/Application.php(359): Symfony\\Component\\Console\\Application->doRunCommand(Object(Illuminate\\Database\\Console\\Seeds\\SeedCommand), Object(Symfony\\Component\\Console\\Input\\ArgvInput), Object(Symfony\\Component\\Console\\Output\\ConsoleOutput))
#43 /Users/jitkumarsaha/Dynime Inc/ERP GO SAAS/Dynime ERP/vendor/symfony/console/Application.php(194): Symfony\\Component\\Console\\Application->doRun(Object(Symfony\\Component\\Console\\Input\\ArgvInput), Object(Symfony\\Component\\Console\\Output\\ConsoleOutput))
#44 /Users/jitkumarsaha/Dynime Inc/ERP GO SAAS/Dynime ERP/vendor/laravel/framework/src/Illuminate/Foundation/Console/Kernel.php(197): Symfony\\Component\\Console\\Application->run(Object(Symfony\\Component\\Console\\Input\\ArgvInput), Object(Symfony\\Component\\Console\\Output\\ConsoleOutput))
#45 /Users/jitkumarsaha/Dynime Inc/ERP GO SAAS/Dynime ERP/vendor/laravel/framework/src/Illuminate/Foundation/Application.php(1235): Illuminate\\Foundation\\Console\\Kernel->handle(Object(Symfony\\Component\\Console\\Input\\ArgvInput), Object(Symfony\\Component\\Console\\Output\\ConsoleOutput))
#46 /Users/jitkumarsaha/Dynime Inc/ERP GO SAAS/dynime-ai/artisan(17): Illuminate\\Foundation\\Application->handleCommand(Object(Symfony\\Component\\Console\\Input\\ArgvInput))
#47 {main}

[previous exception] [object] (PDOException(code: HY000): SQLSTATE[HY000]: General error: 1 no such table: cache at /Users/jitkumarsaha/Dynime Inc/ERP GO SAAS/Dynime ERP/vendor/laravel/framework/src/Illuminate/Database/Connection.php:591)
[stacktrace]
#0 /Users/jitkumarsaha/Dynime Inc/ERP GO SAAS/Dynime ERP/vendor/laravel/framework/src/Illuminate/Database/Connection.php(591): PDO->prepare('delete from \"ca...')
#1 /Users/jitkumarsaha/Dynime Inc/ERP GO SAAS/Dynime ERP/vendor/laravel/framework/src/Illuminate/Database/Connection.php(811): Illuminate\\Database\\Connection->Illuminate\\Database\\{closure}('delete from \"ca...', Array)
#2 /Users/jitkumarsaha/Dynime Inc/ERP GO SAAS/Dynime ERP/vendor/laravel/framework/src/Illuminate/Database/Connection.php(778): Illuminate\\Database\\Connection->runQueryCallback('delete from \"ca...', Array, Object(Closure))
#3 /Users/jitkumarsaha/Dynime Inc/ERP GO SAAS/Dynime ERP/vendor/laravel/framework/src/Illuminate/Database/Connection.php(583): Illuminate\\Database\\Connection->run('delete from \"ca...', Array, Object(Closure))
#4 /Users/jitkumarsaha/Dynime Inc/ERP GO SAAS/Dynime ERP/vendor/laravel/framework/src/Illuminate/Database/Connection.php(547): Illuminate\\Database\\Connection->affectingStatement('delete from \"ca...', Array)
#5 /Users/jitkumarsaha/Dynime Inc/ERP GO SAAS/Dynime ERP/vendor/laravel/framework/src/Illuminate/Database/Query/Builder.php(4109): Illuminate\\Database\\Connection->delete('delete from \"ca...', Array)
#6 /Users/jitkumarsaha/Dynime Inc/ERP GO SAAS/Dynime ERP/vendor/laravel/framework/src/Illuminate/Cache/DatabaseStore.php(423): Illuminate\\Database\\Query\\Builder->delete()
#7 /Users/jitkumarsaha/Dynime Inc/ERP GO SAAS/Dynime ERP/vendor/laravel/framework/src/Illuminate/Cache/Repository.php(807): Illuminate\\Cache\\DatabaseStore->flush()
#8 /Users/jitkumarsaha/Dynime Inc/ERP GO SAAS/Dynime ERP/vendor/laravel/framework/src/Illuminate/Cache/Console/ClearCommand.php(68): Illuminate\\Cache\\Repository->__call('flush', Array)
#9 /Users/jitkumarsaha/Dynime Inc/ERP GO SAAS/Dynime ERP/vendor/laravel/framework/src/Illuminate/Container/BoundMethod.php(36): Illuminate\\Cache\\Console\\ClearCommand->handle()
#10 /Users/jitkumarsaha/Dynime Inc/ERP GO SAAS/Dynime ERP/vendor/laravel/framework/src/Illuminate/Container/Util.php(43): Illuminate\\Container\\BoundMethod::Illuminate\\Container\\{closure}()
#11 /Users/jitkumarsaha/Dynime Inc/ERP GO SAAS/Dynime ERP/vendor/laravel/framework/src/Illuminate/Container/BoundMethod.php(96): Illuminate\\Container\\Util::unwrapIfClosure(Object(Closure))
#12 /Users/jitkumarsaha/Dynime Inc/ERP GO SAAS/Dynime ERP/vendor/laravel/framework/src/Illuminate/Container/BoundMethod.php(35): Illuminate\\Container\\BoundMethod::callBoundMethod(Object(Illuminate\\Foundation\\Application), Array, Object(Closure))
#13 /Users/jitkumarsaha/Dynime Inc/ERP GO SAAS/Dynime ERP/vendor/laravel/framework/src/Illuminate/Container/Container.php(836): Illuminate\\Container\\BoundMethod::call(Object(Illuminate\\Foundation\\Application), Array, Array, NULL)
#14 /Users/jitkumarsaha/Dynime Inc/ERP GO SAAS/Dynime ERP/vendor/laravel/framework/src/Illuminate/Console/Command.php(211): Illuminate\\Container\\Container->call(Array)
#15 /Users/jitkumarsaha/Dynime Inc/ERP GO SAAS/Dynime ERP/vendor/symfony/console/Command/Command.php(318): Illuminate\\Console\\Command->execute(Object(Symfony\\Component\\Console\\Input\\StringInput), Object(Illuminate\\Console\\OutputStyle))
#16 /Users/jitkumarsaha/Dynime Inc/ERP GO SAAS/Dynime ERP/vendor/laravel/framework/src/Illuminate/Console/Command.php(180): Symfony\\Component\\Console\\Command\\Command->run(Object(Symfony\\Component\\Console\\Input\\StringInput), Object(Illuminate\\Console\\OutputStyle))
#17 /Users/jitkumarsaha/Dynime Inc/ERP GO SAAS/Dynime ERP/vendor/symfony/console/Application.php(1110): Illuminate\\Console\\Command->run(Object(Symfony\\Component\\Console\\Input\\StringInput), Object(Symfony\\Component\\Console\\Output\\BufferedOutput))
#18 /Users/jitkumarsaha/Dynime Inc/ERP GO SAAS/Dynime ERP/vendor/symfony/console/Application.php(359): Symfony\\Component\\Console\\Application->doRunCommand(Object(Illuminate\\Cache\\Console\\ClearCommand), Object(Symfony\\Component\\Console\\Input\\StringInput), Object(Symfony\\Component\\Console\\Output\\BufferedOutput))
#19 /Users/jitkumarsaha/Dynime Inc/ERP GO SAAS/Dynime ERP/vendor/symfony/console/Application.php(194): Symfony\\Component\\Console\\Application->doRun(Object(Symfony\\Component\\Console\\Input\\StringInput), Object(Symfony\\Component\\Console\\Output\\BufferedOutput))
#20 /Users/jitkumarsaha/Dynime Inc/ERP GO SAAS/Dynime ERP/vendor/laravel/framework/src/Illuminate/Console/Application.php(165): Symfony\\Component\\Console\\Application->run(Object(Symfony\\Component\\Console\\Input\\StringInput), Object(Symfony\\Component\\Console\\Output\\BufferedOutput))
#21 /Users/jitkumarsaha/Dynime Inc/ERP GO SAAS/Dynime ERP/vendor/laravel/framework/src/Illuminate/Foundation/Console/Kernel.php(426): Illuminate\\Console\\Application->call('cache:clear', Array, NULL)
#22 /Users/jitkumarsaha/Dynime Inc/ERP GO SAAS/Dynime ERP/vendor/laravel/framework/src/Illuminate/Support/Facades/Facade.php(363): Illuminate\\Foundation\\Console\\Kernel->call('cache:clear')
#23 /Users/jitkumarsaha/Dynime Inc/ERP GO SAAS/Dynime ERP/database/seeders/PermissionRoleSeeder.php(18): Illuminate\\Support\\Facades\\Facade::__callStatic('call', Array)
#24 /Users/jitkumarsaha/Dynime Inc/ERP GO SAAS/Dynime ERP/database/seeders/DatabaseSeeder.php(17): Database\\Seeders\\PermissionRoleSeeder->run()
#25 /Users/jitkumarsaha/Dynime Inc/ERP GO SAAS/Dynime ERP/vendor/laravel/framework/src/Illuminate/Container/BoundMethod.php(36): Database\\Seeders\\DatabaseSeeder->run()
#26 /Users/jitkumarsaha/Dynime Inc/ERP GO SAAS/Dynime ERP/vendor/laravel/framework/src/Illuminate/Container/Util.php(43): Illuminate\\Container\\BoundMethod::Illuminate\\Container\\{closure}()
#27 /Users/jitkumarsaha/Dynime Inc/ERP GO SAAS/Dynime ERP/vendor/laravel/framework/src/Illuminate/Container/BoundMethod.php(96): Illuminate\\Container\\Util::unwrapIfClosure(Object(Closure))
#28 /Users/jitkumarsaha/Dynime Inc/ERP GO SAAS/Dynime ERP/vendor/laravel/framework/src/Illuminate/Container/BoundMethod.php(35): Illuminate\\Container\\BoundMethod::callBoundMethod(Object(Illuminate\\Foundation\\Application), Array, Object(Closure))
#29 /Users/jitkumarsaha/Dynime Inc/ERP GO SAAS/Dynime ERP/vendor/laravel/framework/src/Illuminate/Container/Container.php(836): Illuminate\\Container\\BoundMethod::call(Object(Illuminate\\Foundation\\Application), Array, Array, NULL)
#30 /Users/jitkumarsaha/Dynime Inc/ERP GO SAAS/Dynime ERP/vendor/laravel/framework/src/Illuminate/Database/Seeder.php(184): Illuminate\\Container\\Container->call(Array, Array)
#31 /Users/jitkumarsaha/Dynime Inc/ERP GO SAAS/Dynime ERP/vendor/laravel/framework/src/Illuminate/Database/Seeder.php(193): Illuminate\\Database\\Seeder->Illuminate\\Database\\{closure}()
#32 /Users/jitkumarsaha/Dynime Inc/ERP GO SAAS/Dynime ERP/vendor/laravel/framework/src/Illuminate/Database/Console/Seeds/SeedCommand.php(71): Illuminate\\Database\\Seeder->__invoke()
#33 /Users/jitkumarsaha/Dynime Inc/ERP GO SAAS/Dynime ERP/vendor/laravel/framework/src/Illuminate/Database/Eloquent/Concerns/GuardsAttributes.php(157): Illuminate\\Database\\Console\\Seeds\\SeedCommand->Illuminate\\Database\\Console\\Seeds\\{closure}()
#34 /Users/jitkumarsaha/Dynime Inc/ERP GO SAAS/Dynime ERP/vendor/laravel/framework/src/Illuminate/Database/Console/Seeds/SeedCommand.php(70): Illuminate\\Database\\Eloquent\\Model::unguarded(Object(Closure))
#35 /Users/jitkumarsaha/Dynime Inc/ERP GO SAAS/Dynime ERP/vendor/laravel/framework/src/Illuminate/Container/BoundMethod.php(36): Illuminate\\Database\\Console\\Seeds\\SeedCommand->handle()
#36 /Users/jitkumarsaha/Dynime Inc/ERP GO SAAS/Dynime ERP/vendor/laravel/framework/src/Illuminate/Container/Util.php(43): Illuminate\\Container\\BoundMethod::Illuminate\\Container\\{closure}()
#37 /Users/jitkumarsaha/Dynime Inc/ERP GO SAAS/Dynime ERP/vendor/laravel/framework/src/Illuminate/Container/BoundMethod.php(96): Illuminate\\Container\\Util::unwrapIfClosure(Object(Closure))
#38 /Users/jitkumarsaha/Dynime Inc/ERP GO SAAS/Dynime ERP/vendor/laravel/framework/src/Illuminate/Container/BoundMethod.php(35): Illuminate\\Container\\BoundMethod::callBoundMethod(Object(Illuminate\\Foundation\\Application), Array, Object(Closure))
#39 /Users/jitkumarsaha/Dynime Inc/ERP GO SAAS/Dynime ERP/vendor/laravel/framework/src/Illuminate/Container/Container.php(836): Illuminate\\Container\\BoundMethod::call(Object(Illuminate\\Foundation\\Application), Array, Array, NULL)
#40 /Users/jitkumarsaha/Dynime Inc/ERP GO SAAS/Dynime ERP/vendor/laravel/framework/src/Illuminate/Console/Command.php(211): Illuminate\\Container\\Container->call(Array)
#41 /Users/jitkumarsaha/Dynime Inc/ERP GO SAAS/Dynime ERP/vendor/symfony/console/Command/Command.php(318): Illuminate\\Console\\Command->execute(Object(Symfony\\Component\\Console\\Input\\ArgvInput), Object(Illuminate\\Console\\OutputStyle))
#42 /Users/jitkumarsaha/Dynime Inc/ERP GO SAAS/Dynime ERP/vendor/laravel/framework/src/Illuminate/Console/Command.php(180): Symfony\\Component\\Console\\Command\\Command->run(Object(Symfony\\Component\\Console\\Input\\ArgvInput), Object(Illuminate\\Console\\OutputStyle))
#43 /Users/jitkumarsaha/Dynime Inc/ERP GO SAAS/Dynime ERP/vendor/symfony/console/Application.php(1110): Illuminate\\Console\\Command->run(Object(Symfony\\Component\\Console\\Input\\ArgvInput), Object(Symfony\\Component\\Console\\Output\\ConsoleOutput))
#44 /Users/jitkumarsaha/Dynime Inc/ERP GO SAAS/Dynime ERP/vendor/symfony/console/Application.php(359): Symfony\\Component\\Console\\Application->doRunCommand(Object(Illuminate\\Database\\Console\\Seeds\\SeedCommand), Object(Symfony\\Component\\Console\\Input\\ArgvInput), Object(Symfony\\Component\\Console\\Output\\ConsoleOutput))
#45 /Users/jitkumarsaha/Dynime Inc/ERP GO SAAS/Dynime ERP/vendor/symfony/console/Application.php(194): Symfony\\Component\\Console\\Application->doRun(Object(Symfony\\Component\\Console\\Input\\ArgvInput), Object(Symfony\\Component\\Console\\Output\\ConsoleOutput))
#46 /Users/jitkumarsaha/Dynime Inc/ERP GO SAAS/Dynime ERP/vendor/laravel/framework/src/Illuminate/Foundation/Console/Kernel.php(197): Symfony\\Component\\Console\\Application->run(Object(Symfony\\Component\\Console\\Input\\ArgvInput), Object(Symfony\\Component\\Console\\Output\\ConsoleOutput))
#47 /Users/jitkumarsaha/Dynime Inc/ERP GO SAAS/Dynime ERP/vendor/laravel/framework/src/Illuminate/Foundation/Application.php(1235): Illuminate\\Foundation\\Console\\Kernel->handle(Object(Symfony\\Component\\Console\\Input\\ArgvInput), Object(Symfony\\Component\\Console\\Output\\ConsoleOutput))
#48 /Users/jitkumarsaha/Dynime Inc/ERP GO SAAS/dynime-ai/artisan(17): Illuminate\\Foundation\\Application->handleCommand(Object(Symfony\\Component\\Console\\Input\\ArgvInput))
#49 {main}
"} 
